---
created: "2019-11-23T12:03:30.755697800Z"
creator: insta@0.8.1
source: tests/test_everything.rs
expression: code
---
// This file has been auto-generated, please do not edit it.

using System;
using System.Runtime.InteropServices;

[Serializable]
[StructLayout(LayoutKind.Sequential)]
internal struct MyStruct {
    internal Single foo;
    internal Single bar;

    internal MyStruct(Single foo, Single bar) {
        this.foo = foo;
        this.bar = bar;
    }
}

[Serializable]
[StructLayout(LayoutKind.Sequential)]
public struct PublicStruct {
    public Int32 bop;

    public PublicStruct(Int32 bop) {
        this.bop = bop;
    }
}

internal class MyStuff {
    internal const Byte BOOP = 1;

    [DllImport("MyDll")]
    public static extern void public_func();

    [DllImport("MyDll")]
    internal static extern Byte blarg(Int32 a, ref MyStruct b, IntPtr /* MyOpaqueStruct */ c);

}

